// Vitest Snapshot v1, https://vitest.dev/guide/snapshot.html

exports[`check engines from cli > should check w/ package w/o engines w/ npmrc w/ engine-strict 1`] = `
"{"event":"STATE","data":"STARTED","task":{"hasRolledBack":false,"isRollingBack":false,"isCompleted":false,"isSkipped":false,"hasFinalized":false,"hasSubtasks":false,"title":"Checking npm package engines range constraints in package-lock.json...","hasReset":false,"hasTitle":true,"isPrompt":false,"isPaused":false,"isPending":true,"isStarted":true,"hasFailed":false,"isEnabled":true,"isRetrying":false,"path":["Checking npm package engines range constraints in package-lock.json..."]}}
{"event":"STATE","data":"STARTED","task":{"hasRolledBack":false,"isRollingBack":false,"isCompleted":false,"isSkipped":false,"hasFinalized":false,"hasSubtasks":false,"title":"Reading package-lock.json...","hasReset":false,"hasTitle":true,"isPrompt":false,"isPaused":false,"isPending":true,"isStarted":true,"hasFailed":false,"isEnabled":true,"isRetrying":false,"path":["Checking npm package engines range constraints in package-lock.json...","Reading package-lock.json..."]}}
{"event":"STATE","data":"COMPLETED","task":{"hasRolledBack":false,"isRollingBack":false,"isCompleted":true,"isSkipped":false,"hasFinalized":true,"hasSubtasks":false,"title":"Reading package-lock.json...","hasReset":false,"hasTitle":true,"isPrompt":false,"isPaused":false,"isPending":false,"isStarted":false,"hasFailed":false,"isEnabled":true,"isRetrying":false,"path":["Checking npm package engines range constraints in package-lock.json...","Reading package-lock.json..."]}}
{"event":"STATE","data":"STARTED","task":{"hasRolledBack":false,"isRollingBack":false,"isCompleted":false,"isSkipped":false,"hasFinalized":false,"hasSubtasks":false,"title":"Reading package.json...","hasReset":false,"hasTitle":true,"isPrompt":false,"isPaused":false,"isPending":true,"isStarted":true,"hasFailed":false,"isEnabled":true,"isRetrying":false,"path":["Checking npm package engines range constraints in package-lock.json...","Reading package.json..."]}}
{"event":"STATE","data":"COMPLETED","task":{"hasRolledBack":false,"isRollingBack":false,"isCompleted":true,"isSkipped":false,"hasFinalized":true,"hasSubtasks":false,"title":"Reading package.json...","hasReset":false,"hasTitle":true,"isPrompt":false,"isPaused":false,"isPending":false,"isStarted":false,"hasFailed":false,"isEnabled":true,"isRetrying":false,"path":["Checking npm package engines range constraints in package-lock.json...","Reading package.json..."]}}
{"event":"STATE","data":"STARTED","task":{"hasRolledBack":false,"isRollingBack":false,"isCompleted":false,"isSkipped":false,"hasFinalized":false,"hasSubtasks":false,"title":"Validating package-lock.json...","hasReset":false,"hasTitle":true,"isPrompt":false,"isPaused":false,"isPending":true,"isStarted":true,"hasFailed":false,"isEnabled":true,"isRetrying":false,"path":["Checking npm package engines range constraints in package-lock.json...","Validating package-lock.json..."]}}
{"event":"STATE","data":"COMPLETED","task":{"hasRolledBack":false,"isRollingBack":false,"isCompleted":true,"isSkipped":false,"hasFinalized":true,"hasSubtasks":false,"title":"Validating package-lock.json...","hasReset":false,"hasTitle":true,"isPrompt":false,"isPaused":false,"isPending":false,"isStarted":false,"hasFailed":false,"isEnabled":true,"isRetrying":false,"path":["Checking npm package engines range constraints in package-lock.json...","Validating package-lock.json..."]}}
{"event":"STATE","data":"STARTED","task":{"hasRolledBack":false,"isRollingBack":false,"isCompleted":false,"isSkipped":false,"hasFinalized":false,"hasSubtasks":false,"title":"Validating package.json...","hasReset":false,"hasTitle":true,"isPrompt":false,"isPaused":false,"isPending":true,"isStarted":true,"hasFailed":false,"isEnabled":true,"isRetrying":false,"path":["Checking npm package engines range constraints in package-lock.json...","Validating package.json..."]}}
{"event":"STATE","data":"COMPLETED","task":{"hasRolledBack":false,"isRollingBack":false,"isCompleted":true,"isSkipped":false,"hasFinalized":true,"hasSubtasks":false,"title":"Validating package.json...","hasReset":false,"hasTitle":true,"isPrompt":false,"isPaused":false,"isPending":false,"isStarted":false,"hasFailed":false,"isEnabled":true,"isRetrying":false,"path":["Checking npm package engines range constraints in package-lock.json...","Validating package.json..."]}}
{"event":"STATE","data":"STARTED","task":{"hasRolledBack":false,"isRollingBack":false,"isCompleted":false,"isSkipped":false,"hasFinalized":false,"hasSubtasks":false,"title":"Compute engines range constraints...","hasReset":false,"hasTitle":true,"isPrompt":false,"isPaused":false,"isPending":true,"isStarted":true,"hasFailed":false,"isEnabled":true,"isRetrying":false,"path":["Checking npm package engines range constraints in package-lock.json...","Compute engines range constraints..."]}}
{"event":"STATE","data":"COMPLETED","task":{"hasRolledBack":false,"isRollingBack":false,"isCompleted":true,"isSkipped":false,"hasFinalized":true,"hasSubtasks":false,"title":"Compute engines range constraints...","hasReset":false,"hasTitle":true,"isPrompt":false,"isPaused":false,"isPending":false,"isStarted":false,"hasFailed":false,"isEnabled":true,"isRetrying":false,"path":["Checking npm package engines range constraints in package-lock.json...","Compute engines range constraints..."]}}
{"event":"STATE","data":"STARTED","task":{"hasRolledBack":false,"isRollingBack":false,"isCompleted":false,"isSkipped":false,"hasFinalized":false,"hasSubtasks":false,"title":"Output computed engines range constraints...","hasReset":false,"hasTitle":true,"isPrompt":false,"isPaused":false,"isPending":true,"isStarted":true,"hasFailed":false,"isEnabled":true,"isRetrying":false,"path":["Checking npm package engines range constraints in package-lock.json...","Output computed engines range constraints..."]}}
{"event":"TITLE","data":"Computed engines range constraints:\\n\\n node  *  →  ^14.17.0 || ^16.10.0 || >=17.0.0 \\n npm   *  →  >=6.0.0                          \\n yarn  *  →  ^1.22.4                          \\n\\nRun nce -u to upgrade package.json.","task":{"hasRolledBack":false,"isRollingBack":false,"isCompleted":false,"isSkipped":false,"hasFinalized":false,"hasSubtasks":true,"title":"Computed engines range constraints:\\n\\n node  *  →  ^14.17.0 || ^16.10.0 || >=17.0.0 \\n npm   *  →  >=6.0.0                          \\n yarn  *  →  ^1.22.4                          \\n\\nRun nce -u to upgrade package.json.","hasReset":false,"hasTitle":true,"isPrompt":false,"isPaused":false,"isPending":true,"isStarted":true,"hasFailed":false,"isEnabled":true,"isRetrying":false,"path":["Checking npm package engines range constraints in package-lock.json..."]}}
{"event":"STATE","data":"COMPLETED","task":{"hasRolledBack":false,"isRollingBack":false,"isCompleted":true,"isSkipped":false,"hasFinalized":true,"hasSubtasks":false,"title":"Output computed engines range constraints...","hasReset":false,"hasTitle":true,"isPrompt":false,"isPaused":false,"isPending":false,"isStarted":false,"hasFailed":false,"isEnabled":true,"isRetrying":false,"path":["Checking npm package engines range constraints in package-lock.json...","Output computed engines range constraints..."]}}
{"event":"STATE","data":"STARTED","task":{"hasRolledBack":false,"isRollingBack":false,"isCompleted":false,"isSkipped":false,"hasFinalized":false,"hasSubtasks":false,"title":"Updating package.json...","hasReset":false,"hasTitle":true,"isPrompt":false,"isPaused":false,"isPending":true,"isStarted":true,"hasFailed":false,"isEnabled":true,"isRetrying":false,"path":["Checking npm package engines range constraints in package-lock.json...","Updating package.json..."]}}
{"event":"MESSAGE","data":{"skip":"Update is disabled by default."},"task":{"hasRolledBack":false,"isRollingBack":false,"isCompleted":false,"isSkipped":false,"hasFinalized":false,"hasSubtasks":false,"title":"Updating package.json...","hasReset":false,"hasTitle":true,"isPrompt":false,"isPaused":false,"isPending":true,"isStarted":true,"hasFailed":false,"isEnabled":true,"isRetrying":false,"path":["Checking npm package engines range constraints in package-lock.json...","Updating package.json..."]}}
{"event":"STATE","data":"SKIPPED","task":{"hasRolledBack":false,"isRollingBack":false,"isCompleted":false,"isSkipped":true,"hasFinalized":true,"hasSubtasks":false,"title":"Updating package.json...","hasReset":false,"hasTitle":true,"isPrompt":false,"isPaused":false,"isPending":false,"isStarted":false,"hasFailed":false,"isEnabled":true,"isRetrying":false,"path":["Checking npm package engines range constraints in package-lock.json...","Updating package.json..."]}}
{"event":"STATE","data":"STARTED","task":{"hasRolledBack":false,"isRollingBack":false,"isCompleted":false,"isSkipped":false,"hasFinalized":false,"hasSubtasks":false,"title":"Enabling engine-strict using .npmrc...","hasReset":false,"hasTitle":true,"isPrompt":false,"isPaused":false,"isPending":true,"isStarted":true,"hasFailed":false,"isEnabled":true,"isRetrying":false,"path":["Checking npm package engines range constraints in package-lock.json...","Enabling engine-strict using .npmrc..."]}}
{"event":"MESSAGE","data":{"skip":"Enabling engine-strict is disabled by default."},"task":{"hasRolledBack":false,"isRollingBack":false,"isCompleted":false,"isSkipped":false,"hasFinalized":false,"hasSubtasks":false,"title":"Enabling engine-strict using .npmrc...","hasReset":false,"hasTitle":true,"isPrompt":false,"isPaused":false,"isPending":true,"isStarted":true,"hasFailed":false,"isEnabled":true,"isRetrying":false,"path":["Checking npm package engines range constraints in package-lock.json...","Enabling engine-strict using .npmrc..."]}}
{"event":"STATE","data":"SKIPPED","task":{"hasRolledBack":false,"isRollingBack":false,"isCompleted":false,"isSkipped":true,"hasFinalized":true,"hasSubtasks":false,"title":"Enabling engine-strict using .npmrc...","hasReset":false,"hasTitle":true,"isPrompt":false,"isPaused":false,"isPending":false,"isStarted":false,"hasFailed":false,"isEnabled":true,"isRetrying":false,"path":["Checking npm package engines range constraints in package-lock.json...","Enabling engine-strict using .npmrc..."]}}
{"event":"STATE","data":"COMPLETED","task":{"hasRolledBack":false,"isRollingBack":false,"isCompleted":true,"isSkipped":false,"hasFinalized":true,"hasSubtasks":true,"title":"Computed engines range constraints:\\n\\n node  *  →  ^14.17.0 || ^16.10.0 || >=17.0.0 \\n npm   *  →  >=6.0.0                          \\n yarn  *  →  ^1.22.4                          \\n\\nRun nce -u to upgrade package.json.","hasReset":false,"hasTitle":true,"isPrompt":false,"isPaused":false,"isPending":false,"isStarted":false,"hasFailed":false,"isEnabled":true,"isRetrying":false,"path":["Checking npm package engines range constraints in package-lock.json..."]}}"
`;

exports[`check engines from cli > should check w/ package w/o engines w/ npmrc w/o engine-strict 1`] = `
"{"event":"STATE","data":"STARTED","task":{"hasRolledBack":false,"isRollingBack":false,"isCompleted":false,"isSkipped":false,"hasFinalized":false,"hasSubtasks":false,"title":"Checking npm package engines range constraints in package-lock.json...","hasReset":false,"hasTitle":true,"isPrompt":false,"isPaused":false,"isPending":true,"isStarted":true,"hasFailed":false,"isEnabled":true,"isRetrying":false,"path":["Checking npm package engines range constraints in package-lock.json..."]}}
{"event":"STATE","data":"STARTED","task":{"hasRolledBack":false,"isRollingBack":false,"isCompleted":false,"isSkipped":false,"hasFinalized":false,"hasSubtasks":false,"title":"Reading package-lock.json...","hasReset":false,"hasTitle":true,"isPrompt":false,"isPaused":false,"isPending":true,"isStarted":true,"hasFailed":false,"isEnabled":true,"isRetrying":false,"path":["Checking npm package engines range constraints in package-lock.json...","Reading package-lock.json..."]}}
{"event":"STATE","data":"COMPLETED","task":{"hasRolledBack":false,"isRollingBack":false,"isCompleted":true,"isSkipped":false,"hasFinalized":true,"hasSubtasks":false,"title":"Reading package-lock.json...","hasReset":false,"hasTitle":true,"isPrompt":false,"isPaused":false,"isPending":false,"isStarted":false,"hasFailed":false,"isEnabled":true,"isRetrying":false,"path":["Checking npm package engines range constraints in package-lock.json...","Reading package-lock.json..."]}}
{"event":"STATE","data":"STARTED","task":{"hasRolledBack":false,"isRollingBack":false,"isCompleted":false,"isSkipped":false,"hasFinalized":false,"hasSubtasks":false,"title":"Reading package.json...","hasReset":false,"hasTitle":true,"isPrompt":false,"isPaused":false,"isPending":true,"isStarted":true,"hasFailed":false,"isEnabled":true,"isRetrying":false,"path":["Checking npm package engines range constraints in package-lock.json...","Reading package.json..."]}}
{"event":"STATE","data":"COMPLETED","task":{"hasRolledBack":false,"isRollingBack":false,"isCompleted":true,"isSkipped":false,"hasFinalized":true,"hasSubtasks":false,"title":"Reading package.json...","hasReset":false,"hasTitle":true,"isPrompt":false,"isPaused":false,"isPending":false,"isStarted":false,"hasFailed":false,"isEnabled":true,"isRetrying":false,"path":["Checking npm package engines range constraints in package-lock.json...","Reading package.json..."]}}
{"event":"STATE","data":"STARTED","task":{"hasRolledBack":false,"isRollingBack":false,"isCompleted":false,"isSkipped":false,"hasFinalized":false,"hasSubtasks":false,"title":"Validating package-lock.json...","hasReset":false,"hasTitle":true,"isPrompt":false,"isPaused":false,"isPending":true,"isStarted":true,"hasFailed":false,"isEnabled":true,"isRetrying":false,"path":["Checking npm package engines range constraints in package-lock.json...","Validating package-lock.json..."]}}
{"event":"STATE","data":"COMPLETED","task":{"hasRolledBack":false,"isRollingBack":false,"isCompleted":true,"isSkipped":false,"hasFinalized":true,"hasSubtasks":false,"title":"Validating package-lock.json...","hasReset":false,"hasTitle":true,"isPrompt":false,"isPaused":false,"isPending":false,"isStarted":false,"hasFailed":false,"isEnabled":true,"isRetrying":false,"path":["Checking npm package engines range constraints in package-lock.json...","Validating package-lock.json..."]}}
{"event":"STATE","data":"STARTED","task":{"hasRolledBack":false,"isRollingBack":false,"isCompleted":false,"isSkipped":false,"hasFinalized":false,"hasSubtasks":false,"title":"Validating package.json...","hasReset":false,"hasTitle":true,"isPrompt":false,"isPaused":false,"isPending":true,"isStarted":true,"hasFailed":false,"isEnabled":true,"isRetrying":false,"path":["Checking npm package engines range constraints in package-lock.json...","Validating package.json..."]}}
{"event":"STATE","data":"COMPLETED","task":{"hasRolledBack":false,"isRollingBack":false,"isCompleted":true,"isSkipped":false,"hasFinalized":true,"hasSubtasks":false,"title":"Validating package.json...","hasReset":false,"hasTitle":true,"isPrompt":false,"isPaused":false,"isPending":false,"isStarted":false,"hasFailed":false,"isEnabled":true,"isRetrying":false,"path":["Checking npm package engines range constraints in package-lock.json...","Validating package.json..."]}}
{"event":"STATE","data":"STARTED","task":{"hasRolledBack":false,"isRollingBack":false,"isCompleted":false,"isSkipped":false,"hasFinalized":false,"hasSubtasks":false,"title":"Compute engines range constraints...","hasReset":false,"hasTitle":true,"isPrompt":false,"isPaused":false,"isPending":true,"isStarted":true,"hasFailed":false,"isEnabled":true,"isRetrying":false,"path":["Checking npm package engines range constraints in package-lock.json...","Compute engines range constraints..."]}}
{"event":"STATE","data":"COMPLETED","task":{"hasRolledBack":false,"isRollingBack":false,"isCompleted":true,"isSkipped":false,"hasFinalized":true,"hasSubtasks":false,"title":"Compute engines range constraints...","hasReset":false,"hasTitle":true,"isPrompt":false,"isPaused":false,"isPending":false,"isStarted":false,"hasFailed":false,"isEnabled":true,"isRetrying":false,"path":["Checking npm package engines range constraints in package-lock.json...","Compute engines range constraints..."]}}
{"event":"STATE","data":"STARTED","task":{"hasRolledBack":false,"isRollingBack":false,"isCompleted":false,"isSkipped":false,"hasFinalized":false,"hasSubtasks":false,"title":"Output computed engines range constraints...","hasReset":false,"hasTitle":true,"isPrompt":false,"isPaused":false,"isPending":true,"isStarted":true,"hasFailed":false,"isEnabled":true,"isRetrying":false,"path":["Checking npm package engines range constraints in package-lock.json...","Output computed engines range constraints..."]}}
{"event":"TITLE","data":"Computed engines range constraints:\\n\\n node  *  →  ^14.17.0 || ^16.10.0 || >=17.0.0 \\n npm   *  →  >=6.0.0                          \\n yarn  *  →  ^1.22.4                          \\n\\nRun nce -u to upgrade package.json.","task":{"hasRolledBack":false,"isRollingBack":false,"isCompleted":false,"isSkipped":false,"hasFinalized":false,"hasSubtasks":true,"title":"Computed engines range constraints:\\n\\n node  *  →  ^14.17.0 || ^16.10.0 || >=17.0.0 \\n npm   *  →  >=6.0.0                          \\n yarn  *  →  ^1.22.4                          \\n\\nRun nce -u to upgrade package.json.","hasReset":false,"hasTitle":true,"isPrompt":false,"isPaused":false,"isPending":true,"isStarted":true,"hasFailed":false,"isEnabled":true,"isRetrying":false,"path":["Checking npm package engines range constraints in package-lock.json..."]}}
{"event":"STATE","data":"COMPLETED","task":{"hasRolledBack":false,"isRollingBack":false,"isCompleted":true,"isSkipped":false,"hasFinalized":true,"hasSubtasks":false,"title":"Output computed engines range constraints...","hasReset":false,"hasTitle":true,"isPrompt":false,"isPaused":false,"isPending":false,"isStarted":false,"hasFailed":false,"isEnabled":true,"isRetrying":false,"path":["Checking npm package engines range constraints in package-lock.json...","Output computed engines range constraints..."]}}
{"event":"STATE","data":"STARTED","task":{"hasRolledBack":false,"isRollingBack":false,"isCompleted":false,"isSkipped":false,"hasFinalized":false,"hasSubtasks":false,"title":"Updating package.json...","hasReset":false,"hasTitle":true,"isPrompt":false,"isPaused":false,"isPending":true,"isStarted":true,"hasFailed":false,"isEnabled":true,"isRetrying":false,"path":["Checking npm package engines range constraints in package-lock.json...","Updating package.json..."]}}
{"event":"MESSAGE","data":{"skip":"Update is disabled by default."},"task":{"hasRolledBack":false,"isRollingBack":false,"isCompleted":false,"isSkipped":false,"hasFinalized":false,"hasSubtasks":false,"title":"Updating package.json...","hasReset":false,"hasTitle":true,"isPrompt":false,"isPaused":false,"isPending":true,"isStarted":true,"hasFailed":false,"isEnabled":true,"isRetrying":false,"path":["Checking npm package engines range constraints in package-lock.json...","Updating package.json..."]}}
{"event":"STATE","data":"SKIPPED","task":{"hasRolledBack":false,"isRollingBack":false,"isCompleted":false,"isSkipped":true,"hasFinalized":true,"hasSubtasks":false,"title":"Updating package.json...","hasReset":false,"hasTitle":true,"isPrompt":false,"isPaused":false,"isPending":false,"isStarted":false,"hasFailed":false,"isEnabled":true,"isRetrying":false,"path":["Checking npm package engines range constraints in package-lock.json...","Updating package.json..."]}}
{"event":"STATE","data":"STARTED","task":{"hasRolledBack":false,"isRollingBack":false,"isCompleted":false,"isSkipped":false,"hasFinalized":false,"hasSubtasks":false,"title":"Enabling engine-strict using .npmrc...","hasReset":false,"hasTitle":true,"isPrompt":false,"isPaused":false,"isPending":true,"isStarted":true,"hasFailed":false,"isEnabled":true,"isRetrying":false,"path":["Checking npm package engines range constraints in package-lock.json...","Enabling engine-strict using .npmrc..."]}}
{"event":"MESSAGE","data":{"skip":"Enabling engine-strict is disabled by default."},"task":{"hasRolledBack":false,"isRollingBack":false,"isCompleted":false,"isSkipped":false,"hasFinalized":false,"hasSubtasks":false,"title":"Enabling engine-strict using .npmrc...","hasReset":false,"hasTitle":true,"isPrompt":false,"isPaused":false,"isPending":true,"isStarted":true,"hasFailed":false,"isEnabled":true,"isRetrying":false,"path":["Checking npm package engines range constraints in package-lock.json...","Enabling engine-strict using .npmrc..."]}}
{"event":"STATE","data":"SKIPPED","task":{"hasRolledBack":false,"isRollingBack":false,"isCompleted":false,"isSkipped":true,"hasFinalized":true,"hasSubtasks":false,"title":"Enabling engine-strict using .npmrc...","hasReset":false,"hasTitle":true,"isPrompt":false,"isPaused":false,"isPending":false,"isStarted":false,"hasFailed":false,"isEnabled":true,"isRetrying":false,"path":["Checking npm package engines range constraints in package-lock.json...","Enabling engine-strict using .npmrc..."]}}
{"event":"STATE","data":"COMPLETED","task":{"hasRolledBack":false,"isRollingBack":false,"isCompleted":true,"isSkipped":false,"hasFinalized":true,"hasSubtasks":true,"title":"Computed engines range constraints:\\n\\n node  *  →  ^14.17.0 || ^16.10.0 || >=17.0.0 \\n npm   *  →  >=6.0.0                          \\n yarn  *  →  ^1.22.4                          \\n\\nRun nce -u to upgrade package.json.","hasReset":false,"hasTitle":true,"isPrompt":false,"isPaused":false,"isPending":false,"isStarted":false,"hasFailed":false,"isEnabled":true,"isRetrying":false,"path":["Checking npm package engines range constraints in package-lock.json..."]}}"
`;

exports[`check engines from cli > should check w/ package w/o engines w/o npmrc 1`] = `
"{"event":"STATE","data":"STARTED","task":{"hasRolledBack":false,"isRollingBack":false,"isCompleted":false,"isSkipped":false,"hasFinalized":false,"hasSubtasks":false,"title":"Checking npm package engines range constraints in package-lock.json...","hasReset":false,"hasTitle":true,"isPrompt":false,"isPaused":false,"isPending":true,"isStarted":true,"hasFailed":false,"isEnabled":true,"isRetrying":false,"path":["Checking npm package engines range constraints in package-lock.json..."]}}
{"event":"STATE","data":"STARTED","task":{"hasRolledBack":false,"isRollingBack":false,"isCompleted":false,"isSkipped":false,"hasFinalized":false,"hasSubtasks":false,"title":"Reading package-lock.json...","hasReset":false,"hasTitle":true,"isPrompt":false,"isPaused":false,"isPending":true,"isStarted":true,"hasFailed":false,"isEnabled":true,"isRetrying":false,"path":["Checking npm package engines range constraints in package-lock.json...","Reading package-lock.json..."]}}
{"event":"STATE","data":"COMPLETED","task":{"hasRolledBack":false,"isRollingBack":false,"isCompleted":true,"isSkipped":false,"hasFinalized":true,"hasSubtasks":false,"title":"Reading package-lock.json...","hasReset":false,"hasTitle":true,"isPrompt":false,"isPaused":false,"isPending":false,"isStarted":false,"hasFailed":false,"isEnabled":true,"isRetrying":false,"path":["Checking npm package engines range constraints in package-lock.json...","Reading package-lock.json..."]}}
{"event":"STATE","data":"STARTED","task":{"hasRolledBack":false,"isRollingBack":false,"isCompleted":false,"isSkipped":false,"hasFinalized":false,"hasSubtasks":false,"title":"Reading package.json...","hasReset":false,"hasTitle":true,"isPrompt":false,"isPaused":false,"isPending":true,"isStarted":true,"hasFailed":false,"isEnabled":true,"isRetrying":false,"path":["Checking npm package engines range constraints in package-lock.json...","Reading package.json..."]}}
{"event":"STATE","data":"COMPLETED","task":{"hasRolledBack":false,"isRollingBack":false,"isCompleted":true,"isSkipped":false,"hasFinalized":true,"hasSubtasks":false,"title":"Reading package.json...","hasReset":false,"hasTitle":true,"isPrompt":false,"isPaused":false,"isPending":false,"isStarted":false,"hasFailed":false,"isEnabled":true,"isRetrying":false,"path":["Checking npm package engines range constraints in package-lock.json...","Reading package.json..."]}}
{"event":"STATE","data":"STARTED","task":{"hasRolledBack":false,"isRollingBack":false,"isCompleted":false,"isSkipped":false,"hasFinalized":false,"hasSubtasks":false,"title":"Validating package-lock.json...","hasReset":false,"hasTitle":true,"isPrompt":false,"isPaused":false,"isPending":true,"isStarted":true,"hasFailed":false,"isEnabled":true,"isRetrying":false,"path":["Checking npm package engines range constraints in package-lock.json...","Validating package-lock.json..."]}}
{"event":"STATE","data":"COMPLETED","task":{"hasRolledBack":false,"isRollingBack":false,"isCompleted":true,"isSkipped":false,"hasFinalized":true,"hasSubtasks":false,"title":"Validating package-lock.json...","hasReset":false,"hasTitle":true,"isPrompt":false,"isPaused":false,"isPending":false,"isStarted":false,"hasFailed":false,"isEnabled":true,"isRetrying":false,"path":["Checking npm package engines range constraints in package-lock.json...","Validating package-lock.json..."]}}
{"event":"STATE","data":"STARTED","task":{"hasRolledBack":false,"isRollingBack":false,"isCompleted":false,"isSkipped":false,"hasFinalized":false,"hasSubtasks":false,"title":"Validating package.json...","hasReset":false,"hasTitle":true,"isPrompt":false,"isPaused":false,"isPending":true,"isStarted":true,"hasFailed":false,"isEnabled":true,"isRetrying":false,"path":["Checking npm package engines range constraints in package-lock.json...","Validating package.json..."]}}
{"event":"STATE","data":"COMPLETED","task":{"hasRolledBack":false,"isRollingBack":false,"isCompleted":true,"isSkipped":false,"hasFinalized":true,"hasSubtasks":false,"title":"Validating package.json...","hasReset":false,"hasTitle":true,"isPrompt":false,"isPaused":false,"isPending":false,"isStarted":false,"hasFailed":false,"isEnabled":true,"isRetrying":false,"path":["Checking npm package engines range constraints in package-lock.json...","Validating package.json..."]}}
{"event":"STATE","data":"STARTED","task":{"hasRolledBack":false,"isRollingBack":false,"isCompleted":false,"isSkipped":false,"hasFinalized":false,"hasSubtasks":false,"title":"Compute engines range constraints...","hasReset":false,"hasTitle":true,"isPrompt":false,"isPaused":false,"isPending":true,"isStarted":true,"hasFailed":false,"isEnabled":true,"isRetrying":false,"path":["Checking npm package engines range constraints in package-lock.json...","Compute engines range constraints..."]}}
{"event":"STATE","data":"COMPLETED","task":{"hasRolledBack":false,"isRollingBack":false,"isCompleted":true,"isSkipped":false,"hasFinalized":true,"hasSubtasks":false,"title":"Compute engines range constraints...","hasReset":false,"hasTitle":true,"isPrompt":false,"isPaused":false,"isPending":false,"isStarted":false,"hasFailed":false,"isEnabled":true,"isRetrying":false,"path":["Checking npm package engines range constraints in package-lock.json...","Compute engines range constraints..."]}}
{"event":"STATE","data":"STARTED","task":{"hasRolledBack":false,"isRollingBack":false,"isCompleted":false,"isSkipped":false,"hasFinalized":false,"hasSubtasks":false,"title":"Output computed engines range constraints...","hasReset":false,"hasTitle":true,"isPrompt":false,"isPaused":false,"isPending":true,"isStarted":true,"hasFailed":false,"isEnabled":true,"isRetrying":false,"path":["Checking npm package engines range constraints in package-lock.json...","Output computed engines range constraints..."]}}
{"event":"TITLE","data":"Computed engines range constraints:\\n\\n node  *  →  ^14.17.0 || ^16.10.0 || >=17.0.0 \\n npm   *  →  >=6.0.0                          \\n yarn  *  →  ^1.22.4                          \\n\\nRun nce -u to upgrade package.json.","task":{"hasRolledBack":false,"isRollingBack":false,"isCompleted":false,"isSkipped":false,"hasFinalized":false,"hasSubtasks":true,"title":"Computed engines range constraints:\\n\\n node  *  →  ^14.17.0 || ^16.10.0 || >=17.0.0 \\n npm   *  →  >=6.0.0                          \\n yarn  *  →  ^1.22.4                          \\n\\nRun nce -u to upgrade package.json.","hasReset":false,"hasTitle":true,"isPrompt":false,"isPaused":false,"isPending":true,"isStarted":true,"hasFailed":false,"isEnabled":true,"isRetrying":false,"path":["Checking npm package engines range constraints in package-lock.json..."]}}
{"event":"STATE","data":"COMPLETED","task":{"hasRolledBack":false,"isRollingBack":false,"isCompleted":true,"isSkipped":false,"hasFinalized":true,"hasSubtasks":false,"title":"Output computed engines range constraints...","hasReset":false,"hasTitle":true,"isPrompt":false,"isPaused":false,"isPending":false,"isStarted":false,"hasFailed":false,"isEnabled":true,"isRetrying":false,"path":["Checking npm package engines range constraints in package-lock.json...","Output computed engines range constraints..."]}}
{"event":"STATE","data":"STARTED","task":{"hasRolledBack":false,"isRollingBack":false,"isCompleted":false,"isSkipped":false,"hasFinalized":false,"hasSubtasks":false,"title":"Updating package.json...","hasReset":false,"hasTitle":true,"isPrompt":false,"isPaused":false,"isPending":true,"isStarted":true,"hasFailed":false,"isEnabled":true,"isRetrying":false,"path":["Checking npm package engines range constraints in package-lock.json...","Updating package.json..."]}}
{"event":"MESSAGE","data":{"skip":"Update is disabled by default."},"task":{"hasRolledBack":false,"isRollingBack":false,"isCompleted":false,"isSkipped":false,"hasFinalized":false,"hasSubtasks":false,"title":"Updating package.json...","hasReset":false,"hasTitle":true,"isPrompt":false,"isPaused":false,"isPending":true,"isStarted":true,"hasFailed":false,"isEnabled":true,"isRetrying":false,"path":["Checking npm package engines range constraints in package-lock.json...","Updating package.json..."]}}
{"event":"STATE","data":"SKIPPED","task":{"hasRolledBack":false,"isRollingBack":false,"isCompleted":false,"isSkipped":true,"hasFinalized":true,"hasSubtasks":false,"title":"Updating package.json...","hasReset":false,"hasTitle":true,"isPrompt":false,"isPaused":false,"isPending":false,"isStarted":false,"hasFailed":false,"isEnabled":true,"isRetrying":false,"path":["Checking npm package engines range constraints in package-lock.json...","Updating package.json..."]}}
{"event":"STATE","data":"STARTED","task":{"hasRolledBack":false,"isRollingBack":false,"isCompleted":false,"isSkipped":false,"hasFinalized":false,"hasSubtasks":false,"title":"Enabling engine-strict using .npmrc...","hasReset":false,"hasTitle":true,"isPrompt":false,"isPaused":false,"isPending":true,"isStarted":true,"hasFailed":false,"isEnabled":true,"isRetrying":false,"path":["Checking npm package engines range constraints in package-lock.json...","Enabling engine-strict using .npmrc..."]}}
{"event":"MESSAGE","data":{"skip":"Enabling engine-strict is disabled by default."},"task":{"hasRolledBack":false,"isRollingBack":false,"isCompleted":false,"isSkipped":false,"hasFinalized":false,"hasSubtasks":false,"title":"Enabling engine-strict using .npmrc...","hasReset":false,"hasTitle":true,"isPrompt":false,"isPaused":false,"isPending":true,"isStarted":true,"hasFailed":false,"isEnabled":true,"isRetrying":false,"path":["Checking npm package engines range constraints in package-lock.json...","Enabling engine-strict using .npmrc..."]}}
{"event":"STATE","data":"SKIPPED","task":{"hasRolledBack":false,"isRollingBack":false,"isCompleted":false,"isSkipped":true,"hasFinalized":true,"hasSubtasks":false,"title":"Enabling engine-strict using .npmrc...","hasReset":false,"hasTitle":true,"isPrompt":false,"isPaused":false,"isPending":false,"isStarted":false,"hasFailed":false,"isEnabled":true,"isRetrying":false,"path":["Checking npm package engines range constraints in package-lock.json...","Enabling engine-strict using .npmrc..."]}}
{"event":"STATE","data":"COMPLETED","task":{"hasRolledBack":false,"isRollingBack":false,"isCompleted":true,"isSkipped":false,"hasFinalized":true,"hasSubtasks":true,"title":"Computed engines range constraints:\\n\\n node  *  →  ^14.17.0 || ^16.10.0 || >=17.0.0 \\n npm   *  →  >=6.0.0                          \\n yarn  *  →  ^1.22.4                          \\n\\nRun nce -u to upgrade package.json.","hasReset":false,"hasTitle":true,"isPrompt":false,"isPaused":false,"isPending":false,"isStarted":false,"hasFailed":false,"isEnabled":true,"isRetrying":false,"path":["Checking npm package engines range constraints in package-lock.json..."]}}"
`;
